Archive member included to satisfy reference by file (symbol)

/Applications/microchip/xc8/v3.00/avr/bin/../lib/gcc/avr/5.4.0/../../../../avr/lib/avr5/libm.a(addsf3.o)
                              build/default/production/MCAL_Layer/USART/hal_usart.o (__subsf3)
/Applications/microchip/xc8/v3.00/avr/bin/../lib/gcc/avr/5.4.0/../../../../avr/lib/avr5/libm.a(addsf3x.o)
                              /Applications/microchip/xc8/v3.00/avr/bin/../lib/gcc/avr/5.4.0/../../../../avr/lib/avr5/libm.a(addsf3.o) (__addsf3x)
/Applications/microchip/xc8/v3.00/avr/bin/../lib/gcc/avr/5.4.0/../../../../avr/lib/avr5/libm.a(divsf3.o)
                              build/default/production/MCAL_Layer/USART/hal_usart.o (__divsf3)
/Applications/microchip/xc8/v3.00/avr/bin/../lib/gcc/avr/5.4.0/../../../../avr/lib/avr5/libm.a(divsf3x.o)
                              /Applications/microchip/xc8/v3.00/avr/bin/../lib/gcc/avr/5.4.0/../../../../avr/lib/avr5/libm.a(divsf3.o) (__divsf3x)
/Applications/microchip/xc8/v3.00/avr/bin/../lib/gcc/avr/5.4.0/../../../../avr/lib/avr5/libm.a(fixunssfsi.o)
                              build/default/production/MCAL_Layer/USART/hal_usart.o (__fixunssfsi)
/Applications/microchip/xc8/v3.00/avr/bin/../lib/gcc/avr/5.4.0/../../../../avr/lib/avr5/libm.a(floatsisf.o)
                              build/default/production/MCAL_Layer/USART/hal_usart.o (__floatunsisf)
/Applications/microchip/xc8/v3.00/avr/bin/../lib/gcc/avr/5.4.0/../../../../avr/lib/avr5/libm.a(fp_inf.o)
                              /Applications/microchip/xc8/v3.00/avr/bin/../lib/gcc/avr/5.4.0/../../../../avr/lib/avr5/libm.a(addsf3x.o) (__fp_inf)
/Applications/microchip/xc8/v3.00/avr/bin/../lib/gcc/avr/5.4.0/../../../../avr/lib/avr5/libm.a(fp_nan.o)
                              /Applications/microchip/xc8/v3.00/avr/bin/../lib/gcc/avr/5.4.0/../../../../avr/lib/avr5/libm.a(addsf3x.o) (__fp_nan)
/Applications/microchip/xc8/v3.00/avr/bin/../lib/gcc/avr/5.4.0/../../../../avr/lib/avr5/libm.a(fp_pscA.o)
                              /Applications/microchip/xc8/v3.00/avr/bin/../lib/gcc/avr/5.4.0/../../../../avr/lib/avr5/libm.a(addsf3x.o) (__fp_pscA)
/Applications/microchip/xc8/v3.00/avr/bin/../lib/gcc/avr/5.4.0/../../../../avr/lib/avr5/libm.a(fp_pscB.o)
                              /Applications/microchip/xc8/v3.00/avr/bin/../lib/gcc/avr/5.4.0/../../../../avr/lib/avr5/libm.a(addsf3x.o) (__fp_pscB)
/Applications/microchip/xc8/v3.00/avr/bin/../lib/gcc/avr/5.4.0/../../../../avr/lib/avr5/libm.a(fp_round.o)
                              /Applications/microchip/xc8/v3.00/avr/bin/../lib/gcc/avr/5.4.0/../../../../avr/lib/avr5/libm.a(addsf3.o) (__fp_round)
/Applications/microchip/xc8/v3.00/avr/bin/../lib/gcc/avr/5.4.0/../../../../avr/lib/avr5/libm.a(fp_split3.o)
                              /Applications/microchip/xc8/v3.00/avr/bin/../lib/gcc/avr/5.4.0/../../../../avr/lib/avr5/libm.a(addsf3x.o) (__fp_split3)
/Applications/microchip/xc8/v3.00/avr/bin/../lib/gcc/avr/5.4.0/../../../../avr/lib/avr5/libm.a(fp_zero.o)
                              /Applications/microchip/xc8/v3.00/avr/bin/../lib/gcc/avr/5.4.0/../../../../avr/lib/avr5/libm.a(addsf3x.o) (__fp_zero)
/Applications/microchip/xc8/v3.00/avr/bin/../lib/gcc/avr/5.4.0/../../../../avr/lib/avr5/libm.a(mulsf3.o)
                              build/default/production/MCAL_Layer/USART/hal_usart.o (__mulsf3)
/Applications/microchip/xc8/v3.00/avr/bin/../lib/gcc/avr/5.4.0/../../../../avr/lib/avr5/libm.a(mulsf3x.o)
                              /Applications/microchip/xc8/v3.00/avr/bin/../lib/gcc/avr/5.4.0/../../../../avr/lib/avr5/libm.a(mulsf3.o) (__mulsf3x)
/Applications/microchip/xc8/v3.00/avr/bin/../lib/gcc/avr/5.4.0/../../../../avr/lib/avr5/libm.a(powf.o)
                              build/default/production/MCAL_Layer/TWI/hal_twi.o (pow)
/Applications/microchip/xc8/v3.00/avr/bin/../lib/gcc/avr/5.4.0/../../../../avr/lib/avr5/libm.a(sqrtf.o)
                              /Applications/microchip/xc8/v3.00/avr/bin/../lib/gcc/avr/5.4.0/../../../../avr/lib/avr5/libm.a(powf.o) (sqrtf)
/Applications/microchip/xc8/v3.00/avr/bin/../lib/gcc/avr/5.4.0/../../../../avr/lib/avr5/libm.a(fabsf.o)
                              /Applications/microchip/xc8/v3.00/avr/bin/../lib/gcc/avr/5.4.0/../../../../avr/lib/avr5/libm.a(powf.o) (fabsf)
/Applications/microchip/xc8/v3.00/avr/bin/../lib/gcc/avr/5.4.0/../../../../avr/lib/avr5/libm.a(scalbnf.o)
                              /Applications/microchip/xc8/v3.00/avr/bin/../lib/gcc/avr/5.4.0/../../../../avr/lib/avr5/libm.a(powf.o) (scalbnf)
/Applications/microchip/xc8/v3.00/avr/bin/../lib/gcc/avr/5.4.0/../../../../avr/lib/avr5/libm.a(cmpsf2.o)
                              /Applications/microchip/xc8/v3.00/avr/bin/../lib/gcc/avr/5.4.0/../../../../avr/lib/avr5/libm.a(powf.o) (__lesf2)
/Applications/microchip/xc8/v3.00/avr/bin/../lib/gcc/avr/5.4.0/../../../../avr/lib/avr5/libm.a(fp_cmp.o)
[...]
Memory Configuration

Name             Origin             Length             Attributes
text             0x0000000000000000 0x0000000000008000 xr
data             0x0000000000800060 0x0000000000000800 rw !x
eeprom           0x0000000000810000 0x0000000000000400 rw !x
fuse             0x0000000000820000 0x0000000000000002 rw !x
lock             0x0000000000830000 0x0000000000000400 rw !x
signature        0x0000000000840000 0x0000000000000400 rw !x
user_signatures  0x0000000000850000 0x0000000000000400 rw !x
bootrow          0x0000000000860000 0x0000000000000400 rw !x
*default*        0x0000000000000000 0xffffffffffffffff

Linker script and memory map

LOAD /Applications/microchip/mplabx/v6.25/packs/Microchip/ATmega_DFP/3.3.279/xc8/avr/lib/avr5/crtatmega32.o
                0x0000000000000001                __MPLAB_BUILD = 0x1
LOAD build/default/production/Codes/ECUAL/7SEG/app1.o
LOAD build/default/production/Codes/ECUAL/BTN/app1.o
LOAD build/default/production/Codes/ECUAL/Chr_Lcd/app1.o
LOAD build/default/production/Codes/ECUAL/DC_Motor/app1.o
LOAD build/default/production/Codes/ECUAL/Keypad/app1.o
LOAD build/default/production/Codes/ECUAL/LED/app1.o
LOAD build/default/production/Codes/ECUAL/Relay/app1.o
LOAD build/default/production/Codes/MCAL/ADC/app1.o
LOAD build/default/production/Codes/MCAL/ADC/app2.o
LOAD build/default/production/Codes/MCAL/EEPROM/app1.o
LOAD build/default/production/Codes/MCAL/GPIO/app1.o
LOAD build/default/production/Codes/MCAL/Interrupt/app1.o
LOAD build/default/production/Codes/MCAL/PWM/app1.o
LOAD build/default/production/Codes/MCAL/SPI/app1.o
LOAD build/default/production/Codes/MCAL/Timers/Timer0/app1.o
LOAD build/default/production/Codes/MCAL/Timers/Timer0/app2.o
LOAD build/default/production/Codes/MCAL/Timers/Timer0/app3.o
LOAD build/default/production/Codes/MCAL/Timers/Timer0/app4.o
LOAD build/default/production/Codes/MCAL/Timers/Timer1/app1.o
LOAD build/default/production/Codes/MCAL/USART/app1.o
LOAD build/default/production/APP_Layer/Main.o
LOAD build/default/production/ECUAL_Layer/7SEG/ecual_7seg.o
LOAD build/default/production/ECUAL_Layer/BTN/ecual_btn.o
LOAD build/default/production/ECUAL_Layer/Chr_Lcd/ecual_chr_lcd.o
LOAD build/default/production/ECUAL_Layer/DC_Motor/ecual_dc_motor.o
LOAD build/default/production/ECUAL_Layer/Keypad/ecual_keypad.o
LOAD build/default/production/ECUAL_Layer/LED/ecual_led.o
LOAD build/default/production/ECUAL_Layer/Relay/ecual_relay.o
LOAD build/default/production/ECUAL_Layer/ECUAL_INIT.o
LOAD build/default/production/MCAL_Layer/ADC/hal_adc.o
LOAD build/default/production/MCAL_Layer/EEPROM/hal_eeprom.o
LOAD build/default/production/MCAL_Layer/GPIO/hal_gpio.o
LOAD build/default/production/MCAL_Layer/Interrupt/hal_ext_interrupt.o
LOAD build/default/production/MCAL_Layer/Interrupt/hal_int_interrupt.o
LOAD build/default/production/MCAL_Layer/Interrupt/hal_interrupt_mng.o
LOAD build/default/production/MCAL_Layer/PWM/hal_pwm.o
LOAD build/default/production/MCAL_Layer/SPI/hal_spi.o
LOAD build/default/production/MCAL_Layer/Timers/Timer0/hal_timer0.o
LOAD build/default/production/MCAL_Layer/Timers/Timer1/hal_timer1.o
LOAD build/default/production/MCAL_Layer/Timers/Timer2/hal_timer2.o
LOAD build/default/production/MCAL_Layer/USART/hal_usart.o
LOAD build/default/production/MCAL_Layer/device_cfg.o
LOAD build/default/production/MCAL_Layer/TWI/hal_twi.o
START GROUP
LOAD /Applications/microchip/xc8/v3.00/avr/bin/../lib/gcc/avr/5.4.0/../../../../avr/lib/avr5/libm.a
END GROUP
START GROUP
LOAD /Applications/microchip/xc8/v3.00/avr/bin/../lib/gcc/avr/5.4.0/avr5/libgcc.a
LOAD /Applications/microchip/xc8/v3.00/avr/bin/../lib/gcc/avr/5.4.0/../../../../avr/lib/avr5/libm.a
LOAD /Applications/microchip/xc8/v3.00/avr/bin/../lib/gcc/avr/5.4.0/../../../../avr/lib/avr5/libc.a
LOAD /Applications/microchip/mplabx/v6.25/packs/Microchip/ATmega_DFP/3.3.279/xc8/avr/lib/avr5/libatmega32.a
END GROUP
                0x0000000000000000                __TEXT_REGION_ORIGIN__ = DEFINED (__TEXT_REGION_ORIGIN__)?__TEXT_REGION_ORIGIN__:0x0
                [0x0000000000800060]                __DATA_REGION_ORIGIN__ = DEFINED (__DATA_REGION_ORIGIN__)?__DATA_REGION_ORIGIN__:0x800060
                [0x0000000000008000]                __TEXT_REGION_LENGTH__ = DEFINED (__TEXT_REGION_LENGTH__)?__TEXT_REGION_LENGTH__:0x20000
                [0x0000000000000800]                __DATA_REGION_LENGTH__ = DEFINED (__DATA_REGION_LENGTH__)?__DATA_REGION_LENGTH__:0xffa0
                [0x0000000000000400]                __EEPROM_REGION_LENGTH__ = DEFINED (__EEPROM_REGION_LENGTH__)?__EEPROM_REGION_LENGTH__:0x10000
                [0x0000000000000002]                __FUSE_REGION_LENGTH__ = DEFINED (__FUSE_REGION_LENGTH__)?__FUSE_REGION_LENGTH__:0x400
                0x0000000000000400                __LOCK_REGION_LENGTH__ = DEFINED (__LOCK_REGION_LENGTH__)?__LOCK_REGION_LENGTH__:0x400
                0x0000000000000400                __SIGNATURE_REGION_LENGTH__ = DEFINED (__SIGNATURE_REGION_LENGTH__)?__SIGNATURE_REGION_LENGTH__:0x400
                0x0000000000000400                __USER_SIGNATURE_REGION_LENGTH__ = DEFINED (__USER_SIGNATURE_REGION_LENGTH__)?__USER_SIGNATURE_REGION_LENGTH__:0x400
                0x0000000000000400                __BOOTROW_REGION_LENGTH__ = DEFINED (__BOOTROW_REGION_LENGTH__)?__BOOTROW_REGION_LENGTH__:0x400

.hash
 *(.hash)

.dynsym
 *(.dynsym)

.dynstr
 *(.dynstr)

.gnu.version
 *(.gnu.version)

.gnu.version_d
 *(.gnu.version_d)

.gnu.version_r
 *(.gnu.version_r)

.rel.init
 *(.rel.init)

.rela.init
 *(.rela.init)

.rel.text
 *(.rel.text)
 *(.rel.text.*)
 *(.rel.gnu.linkonce.t*)

.rela.text
 *(.rela.text)
 *(.rela.text.*)
 *(.rela.gnu.linkonce.t*)

.rel.fini
 *(.rel.fini)

.rela.fini
 *(.rela.fini)

.rel.rodata
 *(.rel.rodata)
 *(.rel.rodata.*)
 *(.rel.gnu.linkonce.r*)

.rela.rodata
 *(.rela.rodata)
 *(.rela.rodata.*)
 *(.rela.gnu.linkonce.r*)

.rel.data
 *(.rel.data)
 *(.rel.data.*)
 *(.rel.gnu.linkonce.d*)

.rela.data
 *(.rela.data)
 *(.rela.data.*)
 *(.rela.gnu.linkonce.d*)

.rel.ctors
 *(.rel.ctors)

.rela.ctors
 *(.rela.ctors)

.rel.dtors
 *(.rel.dtors)

.rela.dtors
 *(.rela.dtors)

.rel.got
 *(.rel.got)

.rela.got
 *(.rela.got)

.rel.bss
 *(.rel.bss)

.rela.bss
 *(.rela.bss)

.rel.plt
 *(.rel.plt)

.rela.plt
 *(.rela.plt)

.text           0x0000000000000000       0xba
 *(.vectors)
 .vectors       0x0000000000000000       0x54 /Applications/microchip/mplabx/v6.25/packs/Microchip/ATmega_DFP/3.3.279/xc8/avr/lib/avr5/crtatmega32.o
                0x0000000000000000                __vectors
                0x0000000000000000                __vector_default
 *(.vectors)
 *(.progmem.gcc*)
 *(.dinit)
 .dinit         0x0000000000000054       0x11 data_init
                0x0000000000000066                . = ALIGN (0x2)
 *fill*         0x0000000000000065        0x1 
                0x0000000000000066                __trampolines_start = .
 *(.trampolines)
 .trampolines   0x0000000000000066        0x0 linker stubs
 *(.trampolines*)
                0x0000000000000066                __trampolines_end = .
 *libprintf_flt.a:*(.progmem.data)
 *libc.a:*(.progmem.data)
                0x0000000000000066                . = ALIGN (0x2)
 *(.jumptables)
 *(.jumptables*)
 *(.lowtext)
 *(.lowtext*)
                0x0000000000000066                __ctors_start = .
 *(.ctors)
                0x0000000000000066                __ctors_end = .
                0x0000000000000066                __dtors_start = .
 *(.dtors)
                0x0000000000000066                __dtors_end = .
 SORT(*)(.ctors)
 SORT(*)(.dtors)
 *(.init0)
 .init0         0x0000000000000066        0x0 /Applications/microchip/mplabx/v6.25/packs/Microchip/ATmega_DFP/3.3.279/xc8/avr/lib/avr5/crtatmega32.o
                0x0000000000000066                __init
 *(.init0)
 *(.init1)
 *(.init1)
 *(.init2)
 .init2         0x0000000000000066        0xc /Applications/microchip/mplabx/v6.25/packs/Microchip/ATmega_DFP/3.3.279/xc8/avr/lib/avr5/crtatmega32.o
 *(.init2)
 *(.init3)
 *(.init3)
 *(.init4)
 .init4         0x0000000000000072       0x3c /Applications/microchip/xc8/v3.00/avr/bin/../lib/gcc/avr/5.4.0/avr5/libgcc.a(_copy_data.o)
                0x0000000000000072                __do_copy_data
                0x00000000000000a0                __do_clear_bss
 *(.init4)
 *(.init5)
 *(.init5)
 *(.init6)
 *(.init6)
 *(.init7)
 *(.init7)
 *(.init8)
 *(.init8)
 *(.init9)
 .init9         0x00000000000000ae        0x8 /Applications/microchip/mplabx/v6.25/packs/Microchip/ATmega_DFP/3.3.279/xc8/avr/lib/avr5/crtatmega32.o
 *(.init9)
                0x00000000000000b6                . = ALIGN (0x2)
 *(.fini9)
 .fini9         0x00000000000000b6        0x0 /Applications/microchip/xc8/v3.00/avr/bin/../lib/gcc/avr/5.4.0/avr5/libgcc.a(_exit.o)
                0x00000000000000b6                _exit
 *(.fini9)
 *(.fini8)
 *(.fini8)
 *(.fini7)
 *(.fini7)
 *(.fini6)
 *(.fini6)
 *(.fini5)
 *(.fini5)
 *(.fini4)
 *(.fini4)
 *(.fini3)
 *(.fini3)
 *(.fini2)
 *(.fini2)
 *(.fini1)
 *(.fini1)
 *(.fini0)
 .fini0         0x00000000000000b6        0x4 /Applications/microchip/xc8/v3.00/avr/bin/../lib/gcc/avr/5.4.0/avr5/libgcc.a(_exit.o)
 *(.fini0)
                0x00000000000000ba                _etext = .

.data           0x0000000000800060        0x0 load address 0x00000000000000ba
                [!provide]                        PROVIDE (__data_start, .)
 *(.gnu.linkonce.d*)
 *(.gnu.linkonce.r*)
                0x0000000000800060                . = ALIGN (0x2)
                0x0000000000800060                _edata = .
                [!provide]                        PROVIDE (__data_end, .)

.bss            0x0000000000800060        0x2
                [!provide]                        PROVIDE (__bss_start, .)
 *(COMMON)
 COMMON         0x0000000000800060        0x2 /Applications/microchip/xc8/v3.00/avr/bin/../lib/gcc/avr/5.4.0/../../../../avr/lib/avr5/libc.a(errno.o)
                0x0000000000800060                __errno_val
                [!provide]                        PROVIDE (__bss_end, .)
                0x00000000000000ba                __data_load_start = LOADADDR (.data)
                0x00000000000000ba                __data_load_end = (__data_load_start + SIZEOF (.data))

.noinit         0x0000000000800062        0x0
                [!provide]                        PROVIDE (__noinit_start, .)
 *(.noinit*)
                [!provide]                        PROVIDE (__noinit_end, .)
                0x0000000000800062                _end = .

.eeprom         0x0000000000810000        0x0
 *(.eeprom*)
                0x0000000000810000                __eeprom_end = .

.fuse
 *(.fuse)
 *(.lfuse)
 *(.hfuse)
 *(.efuse)

.lock
 *(.lock*)

.signature
 *(.signature*)

.user_signatures
 *(.user_signatures*)

.bootrow
 *(.bootrow*)

.stab
 *(.stab)

.stabstr
 *(.stabstr)

.stab.excl
 *(.stab.excl)

.stab.exclstr
 *(.stab.exclstr)

.stab.index
 *(.stab.index)

.stab.indexstr
 *(.stab.indexstr)

.comment        0x0000000000000000       0x5b
 *(.comment)
 .comment       0x0000000000000000       0x2f build/default/production/APP_Layer/Main.o
                                         0x30 (size before relaxing)
 .comment       0x000000000000002f       0x30 build/default/production/ECUAL_Layer/ECUAL_INIT.o
 .comment       0x000000000000002f       0x30 build/default/production/MCAL_Layer/ADC/hal_adc.o
 .comment       0x000000000000002f       0x30 build/default/production/MCAL_Layer/GPIO/hal_gpio.o
 .comment       0x000000000000002f       0x30 build/default/production/MCAL_Layer/Interrupt/hal_ext_interrupt.o
 .comment       0x000000000000002f       0x30 build/default/production/MCAL_Layer/Interrupt/hal_interrupt_mng.o
 .comment       0x000000000000002f       0x30 build/default/production/MCAL_Layer/SPI/hal_spi.o
 .comment       0x000000000000002f       0x30 build/default/production/MCAL_Layer/Timers/Timer0/hal_timer0.o
 .comment       0x000000000000002f       0x30 build/default/production/MCAL_Layer/Timers/Timer1/hal_timer1.o
 .comment       0x000000000000002f       0x30 build/default/production/MCAL_Layer/Timers/Timer2/hal_timer2.o
 .comment       0x000000000000002f       0x30 build/default/production/MCAL_Layer/USART/hal_usart.o
 .comment       0x000000000000002f       0x30 build/default/production/MCAL_Layer/TWI/hal_twi.o
 .comment       0x000000000000002f       0x2c /Applications/microchip/xc8/v3.00/avr/bin/../lib/gcc/avr/5.4.0/../../../../avr/lib/avr5/libm.a(powf.o)
                                         0x2d (size before relaxing)
 .comment       0x000000000000005b       0x2d /Applications/microchip/xc8/v3.00/avr/bin/../lib/gcc/avr/5.4.0/../../../../avr/lib/avr5/libm.a(sqrtf.o)
 .comment       0x000000000000005b       0x2d /Applications/microchip/xc8/v3.00/avr/bin/../lib/gcc/avr/5.4.0/../../../../avr/lib/avr5/libm.a(fabsf.o)
 .comment       0x000000000000005b       0x2d /Applications/microchip/xc8/v3.00/avr/bin/../lib/gcc/avr/5.4.0/../../../../avr/lib/avr5/libm.a(scalbnf.o)
 .comment       0x000000000000005b       0x2d /Applications/microchip/xc8/v3.00/avr/bin/../lib/gcc/avr/5.4.0/../../../../avr/lib/avr5/libc.a(errno.o)
 .comment       0x000000000000005b       0x2d /Applications/microchip/xc8/v3.00/avr/bin/../lib/gcc/avr/5.4.0/../../../../avr/lib/avr5/libc.a(exit.o)
 .comment       0x000000000000005b       0x2d /Applications/microchip/xc8/v3.00/avr/bin/../lib/gcc/avr/5.4.0/../../../../avr/lib/avr5/libc.a(_Exit.o)

.stack.descriptors.hdr
                0x0000000000000000      0x17a
 .stack.descriptors.hdr
                0x0000000000000000        0xe /Applications/microchip/xc8/v3.00/avr/bin/../lib/gcc/avr/5.4.0/../../../../avr/lib/avr5/libm.a(addsf3.o)
 .stack.descriptors.hdr
                0x000000000000000e        0xe /Applications/microchip/xc8/v3.00/avr/bin/../lib/gcc/avr/5.4.0/../../../../avr/lib/avr5/libm.a(addsf3x.o)
 .stack.descriptors.hdr
                0x000000000000001c        0xe /Applications/microchip/xc8/v3.00/avr/bin/../lib/gcc/avr/5.4.0/../../../../avr/lib/avr5/libm.a(divsf3.o)
 .stack.descriptors.hdr
                0x000000000000002a        0xe /Applications/microchip/xc8/v3.00/avr/bin/../lib/gcc/avr/5.4.0/../../../../avr/lib/avr5/libm.a(divsf3x.o)
 .stack.descriptors.hdr
                0x0000000000000038        0xe /Applications/microchip/xc8/v3.00/avr/bin/../lib/gcc/avr/5.4.0/../../../../avr/lib/avr5/libm.a(fixunssfsi.o)
 .stack.descriptors.hdr
                0x0000000000000046        0xe /Applications/microchip/xc8/v3.00/avr/bin/../lib/gcc/avr/5.4.0/../../../../avr/lib/avr5/libm.a(floatsisf.o)
 .stack.descriptors.hdr
                0x0000000000000054        0xe /Applications/microchip/xc8/v3.00/avr/bin/../lib/gcc/avr/5.4.0/../../../../avr/lib/avr5/libm.a(fp_inf.o)
 .stack.descriptors.hdr
                0x0000000000000062        0xe /Applications/microchip/xc8/v3.00/avr/bin/../lib/gcc/avr/5.4.0/../../../../avr/lib/avr5/libm.a(fp_nan.o)
 .stack.descriptors.hdr
                0x0000000000000070        0xe /Applications/microchip/xc8/v3.00/avr/bin/../lib/gcc/avr/5.4.0/../../../../avr/lib/avr5/libm.a(fp_pscA.o)
 .stack.descriptors.hdr
                0x000000000000007e        0xe /Applications/microchip/xc8/v3.00/avr/bin/../lib/gcc/avr/5.4.0/../../../../avr/lib/avr5/libm.a(fp_pscB.o)
 .stack.descriptors.hdr
                0x000000000000008c        0xe /Applications/microchip/xc8/v3.00/avr/bin/../lib/gcc/avr/5.4.0/../../../../avr/lib/avr5/libm.a(fp_round.o)
 .stack.descriptors.hdr
                0x000000000000009a        0xe /Applications/microchip/xc8/v3.00/avr/bin/../lib/gcc/avr/5.4.0/../../../../avr/lib/avr5/libm.a(fp_split3.o)
 .stack.descriptors.hdr
                0x00000000000000a8        0xe /Applications/microchip/xc8/v3.00/avr/bin/../lib/gcc/avr/5.4.0/../../../../avr/lib/avr5/libm.a(fp_zero.o)
 .stack.descriptors.hdr
                0x00000000000000b6        0xe /Applications/microchip/xc8/v3.00/avr/bin/../lib/gcc/avr/5.4.0/../../../../avr/lib/avr5/libm.a(mulsf3.o)
 .stack.descriptors.hdr
                0x00000000000000c4        0xe /Applications/microchip/xc8/v3.00/avr/bin/../lib/gcc/avr/5.4.0/../../../../avr/lib/avr5/libm.a(mulsf3x.o)
 .stack.descriptors.hdr
                0x00000000000000d2        0xe /Applications/microchip/xc8/v3.00/avr/bin/../lib/gcc/avr/5.4.0/../../../../avr/lib/avr5/libm.a(powf.o)
 .stack.descriptors.hdr
                0x00000000000000e0        0xe /Applications/microchip/xc8/v3.00/avr/bin/../lib/gcc/avr/5.4.0/../../../../avr/lib/avr5/libm.a(sqrtf.o)
 .stack.descriptors.hdr
                0x00000000000000ee        0xe /Applications/microchip/xc8/v3.00/avr/bin/../lib/gcc/avr/5.4.0/../../../../avr/lib/avr5/libm.a(fabsf.o)
 .stack.descriptors.hdr
                0x00000000000000fc        0xe /Applications/microchip/xc8/v3.00/avr/bin/../lib/gcc/avr/5.4.0/../../../../avr/lib/avr5/libm.a(scalbnf.o)
 .stack.descriptors.hdr
                0x000000000000010a        0xe /Applications/microchip/xc8/v3.00/avr/bin/../lib/gcc/avr/5.4.0/../../../../avr/lib/avr5/libm.a(cmpsf2.o)
 .stack.descriptors.hdr
                0x0000000000000118        0xe /Applications/microchip/xc8/v3.00/avr/bin/../lib/gcc/avr/5.4.0/../../../../avr/lib/avr5/libm.a(fp_cmp.o)
 .stack.descriptors.hdr
                0x0000000000000126        0xe /Applications/microchip/xc8/v3.00/avr/bin/../lib/gcc/avr/5.4.0/../../../../avr/lib/avr5/libm.a(gesf2.o)
 .stack.descriptors.hdr
                0x0000000000000134        0xe /Applications/microchip/xc8/v3.00/avr/bin/../lib/gcc/avr/5.4.0/avr5/libgcc.a(_udivmodsi4.o)
 .stack.descriptors.hdr
                0x0000000000000142        0xe /Applications/microchip/xc8/v3.00/avr/bin/../lib/gcc/avr/5.4.0/../../../../avr/lib/avr5/libc.a(errno.o)
 .stack.descriptors.hdr
                0x0000000000000150        0xe /Applications/microchip/xc8/v3.00/avr/bin/../lib/gcc/avr/5.4.0/../../../../avr/lib/avr5/libc.a(exit.o)
 .stack.descriptors.hdr
                0x000000000000015e        0xe /Applications/microchip/xc8/v3.00/avr/bin/../lib/gcc/avr/5.4.0/../../../../avr/lib/avr5/libc.a(_Exit.o)
 .stack.descriptors.hdr
                0x000000000000016c        0xe /Applications/microchip/xc8/v3.00/avr/bin/../lib/gcc/avr/5.4.0/avr5/libgcc.a(_exit.o)

.note.GNU-stack
                0x0000000000000000        0x0
 .note.GNU-stack
                0x0000000000000000        0x0 /Applications/microchip/xc8/v3.00/avr/bin/../lib/gcc/avr/5.4.0/../../../../avr/lib/avr5/libm.a(addsf3.o)
 .note.GNU-stack
                0x0000000000000000        0x0 /Applications/microchip/xc8/v3.00/avr/bin/../lib/gcc/avr/5.4.0/../../../../avr/lib/avr5/libm.a(addsf3x.o)
 .note.GNU-stack
                0x0000000000000000        0x0 /Applications/microchip/xc8/v3.00/avr/bin/../lib/gcc/avr/5.4.0/../../../../avr/lib/avr5/libm.a(divsf3.o)
 .note.GNU-stack
                0x0000000000000000        0x0 /Applications/microchip/xc8/v3.00/avr/bin/../lib/gcc/avr/5.4.0/../../../../avr/lib/avr5/libm.a(divsf3x.o)
 .note.GNU-stack
                0x0000000000000000        0x0 /Applications/microchip/xc8/v3.00/avr/bin/../lib/gcc/avr/5.4.0/../../../../avr/lib/avr5/libm.a(fixunssfsi.o)
 .note.GNU-stack
                0x0000000000000000        0x0 /Applications/microchip/xc8/v3.00/avr/bin/../lib/gcc/avr/5.4.0/../../../../avr/lib/avr5/libm.a(floatsisf.o)
 .note.GNU-stack
                0x0000000000000000        0x0 /Applications/microchip/xc8/v3.00/avr/bin/../lib/gcc/avr/5.4.0/../../../../avr/lib/avr5/libm.a(fp_inf.o)
 .note.GNU-stack
                0x0000000000000000        0x0 /Applications/microchip/xc8/v3.00/avr/bin/../lib/gcc/avr/5.4.0/../../../../avr/lib/avr5/libm.a(fp_nan.o)
 .note.GNU-stack
                0x0000000000000000        0x0 /Applications/microchip/xc8/v3.00/avr/bin/../lib/gcc/avr/5.4.0/../../../../avr/lib/avr5/libm.a(fp_pscA.o)
 .note.GNU-stack
                0x0000000000000000        0x0 /Applications/microchip/xc8/v3.00/avr/bin/../lib/gcc/avr/5.4.0/../../../../avr/lib/avr5/libm.a(fp_pscB.o)
 .note.GNU-stack
                0x0000000000000000        0x0 /Applications/microchip/xc8/v3.00/avr/bin/../lib/gcc/avr/5.4.0/../../../../avr/lib/avr5/libm.a(fp_round.o)
 .note.GNU-stack
                0x0000000000000000        0x0 /Applications/microchip/xc8/v3.00/avr/bin/../lib/gcc/avr/5.4.0/../../../../avr/lib/avr5/libm.a(fp_split3.o)
 .note.GNU-stack
                0x0000000000000000        0x0 /Applications/microchip/xc8/v3.00/avr/bin/../lib/gcc/avr/5.4.0/../../../../avr/lib/avr5/libm.a(fp_zero.o)
 .note.GNU-stack
                0x0000000000000000        0x0 /Applications/microchip/xc8/v3.00/avr/bin/../lib/gcc/avr/5.4.0/../../../../avr/lib/avr5/libm.a(mulsf3.o)
 .note.GNU-stack
                0x0000000000000000        0x0 /Applications/microchip/xc8/v3.00/avr/bin/../lib/gcc/avr/5.4.0/../../../../avr/lib/avr5/libm.a(mulsf3x.o)
 .note.GNU-stack
                0x0000000000000000        0x0 /Applications/microchip/xc8/v3.00/avr/bin/../lib/gcc/avr/5.4.0/../../../../avr/lib/avr5/libm.a(powf.o)
 .note.GNU-stack
                0x0000000000000000        0x0 /Applications/microchip/xc8/v3.00/avr/bin/../lib/gcc/avr/5.4.0/../../../../avr/lib/avr5/libm.a(sqrtf.o)
 .note.GNU-stack
                0x0000000000000000        0x0 /Applications/microchip/xc8/v3.00/avr/bin/../lib/gcc/avr/5.4.0/../../../../avr/lib/avr5/libm.a(fabsf.o)
 .note.GNU-stack
                0x0000000000000000        0x0 /Applications/microchip/xc8/v3.00/avr/bin/../lib/gcc/avr/5.4.0/../../../../avr/lib/avr5/libm.a(scalbnf.o)
 .note.GNU-stack
                0x0000000000000000        0x0 /Applications/microchip/xc8/v3.00/avr/bin/../lib/gcc/avr/5.4.0/../../../../avr/lib/avr5/libm.a(cmpsf2.o)
 .note.GNU-stack
                0x0000000000000000        0x0 /Applications/microchip/xc8/v3.00/avr/bin/../lib/gcc/avr/5.4.0/../../../../avr/lib/avr5/libm.a(fp_cmp.o)
 .note.GNU-stack
                0x0000000000000000        0x0 /Applications/microchip/xc8/v3.00/avr/bin/../lib/gcc/avr/5.4.0/../../../../avr/lib/avr5/libm.a(gesf2.o)
 .note.GNU-stack
                0x0000000000000000        0x0 /Applications/microchip/xc8/v3.00/avr/bin/../lib/gcc/avr/5.4.0/../../../../avr/lib/avr5/libc.a(errno.o)
 .note.GNU-stack
                0x0000000000000000        0x0 /Applications/microchip/xc8/v3.00/avr/bin/../lib/gcc/avr/5.4.0/../../../../avr/lib/avr5/libc.a(exit.o)
 .note.GNU-stack
                0x0000000000000000        0x0 /Applications/microchip/xc8/v3.00/avr/bin/../lib/gcc/avr/5.4.0/../../../../avr/lib/avr5/libc.a(_Exit.o)

.note.gnu.build-id
 *(.note.gnu.build-id)

.debug
 *(.debug)

.line
 *(.line)

.debug_srcinfo
 *(.debug_srcinfo)

.debug_sfnames
 *(.debug_sfnames)

.debug_aranges  0x0000000000000000      0x498
 *(.debug_aranges)
 .debug_aranges
                0x0000000000000000       0x28 build/default/production/APP_Layer/Main.o
 .debug_aranges
                0x0000000000000028       0x20 build/default/production/ECUAL_Layer/ECUAL_INIT.o
 .debug_aranges
                0x0000000000000048       0x68 build/default/production/MCAL_Layer/ADC/hal_adc.o
 .debug_aranges
                0x00000000000000b0       0x78 build/default/production/MCAL_Layer/GPIO/hal_gpio.o
 .debug_aranges
                0x0000000000000128       0x50 build/default/production/MCAL_Layer/Interrupt/hal_ext_interrupt.o
 .debug_aranges
                0x0000000000000178       0x98 build/default/production/MCAL_Layer/Interrupt/hal_interrupt_mng.o
 .debug_aranges
                0x0000000000000210       0x60 build/default/production/MCAL_Layer/SPI/hal_spi.o
 .debug_aranges
                0x0000000000000270       0x58 build/default/production/MCAL_Layer/Timers/Timer0/hal_timer0.o
 .debug_aranges
                0x00000000000002c8       0x78 build/default/production/MCAL_Layer/Timers/Timer1/hal_timer1.o
 .debug_aranges
                0x0000000000000340       0x58 build/default/production/MCAL_Layer/Timers/Timer2/hal_timer2.o
 .debug_aranges
                0x0000000000000398       0x78 build/default/production/MCAL_Layer/USART/hal_usart.o
 .debug_aranges
                0x0000000000000410       0x88 build/default/production/MCAL_Layer/TWI/hal_twi.o

.debug_pubnames
 *(.debug_pubnames)

.debug_info     0x0000000000000000     0x9198
 *(.debug_info .gnu.linkonce.wi.*)
 .debug_info    0x0000000000000000      0x4e6 /Applications/microchip/mplabx/v6.25/packs/Microchip/ATmega_DFP/3.3.279/xc8/avr/lib/avr5/crtatmega32.o
 .debug_info    0x00000000000004e6      0x60f build/default/production/APP_Layer/Main.o
 .debug_info    0x0000000000000af5      0x321 build/default/production/ECUAL_Layer/ECUAL_INIT.o
 .debug_info    0x0000000000000e16     0x10bf build/default/production/MCAL_Layer/ADC/hal_adc.o
 .debug_info    0x0000000000001ed5      0x98d build/default/production/MCAL_Layer/GPIO/hal_gpio.o
 .debug_info    0x0000000000002862      0xabd build/default/production/MCAL_Layer/Interrupt/hal_ext_interrupt.o
 .debug_info    0x000000000000331f      0x64b build/default/production/MCAL_Layer/Interrupt/hal_interrupt_mng.o
 .debug_info    0x000000000000396a      0xf5b build/default/production/MCAL_Layer/SPI/hal_spi.o
 .debug_info    0x00000000000048c5      0xccf build/default/production/MCAL_Layer/Timers/Timer0/hal_timer0.o
 .debug_info    0x0000000000005594      0xfbd build/default/production/MCAL_Layer/Timers/Timer1/hal_timer1.o
 .debug_info    0x0000000000006551      0xbb6 build/default/production/MCAL_Layer/Timers/Timer2/hal_timer2.o
 .debug_info    0x0000000000007107     0x140f build/default/production/MCAL_Layer/USART/hal_usart.o
 .debug_info    0x0000000000008516      0xc82 build/default/production/MCAL_Layer/TWI/hal_twi.o

.debug_abbrev   0x0000000000000000     0x196e
 *(.debug_abbrev)
 .debug_abbrev  0x0000000000000000      0x4a3 /Applications/microchip/mplabx/v6.25/packs/Microchip/ATmega_DFP/3.3.279/xc8/avr/lib/avr5/crtatmega32.o
 .debug_abbrev  0x00000000000004a3      0x16e build/default/production/APP_Layer/Main.o
 .debug_abbrev  0x0000000000000611       0x6d build/default/production/ECUAL_Layer/ECUAL_INIT.o
 .debug_abbrev  0x000000000000067e      0x22d build/default/production/MCAL_Layer/ADC/hal_adc.o
 .debug_abbrev  0x00000000000008ab      0x1ce build/default/production/MCAL_Layer/GPIO/hal_gpio.o
 .debug_abbrev  0x0000000000000a79      0x20a build/default/production/MCAL_Layer/Interrupt/hal_ext_interrupt.o
 .debug_abbrev  0x0000000000000c83       0x6a build/default/production/MCAL_Layer/Interrupt/hal_interrupt_mng.o
 .debug_abbrev  0x0000000000000ced      0x215 build/default/production/MCAL_Layer/SPI/hal_spi.o
 .debug_abbrev  0x0000000000000f02      0x22c build/default/production/MCAL_Layer/Timers/Timer0/hal_timer0.o
 .debug_abbrev  0x000000000000112e      0x24d build/default/production/MCAL_Layer/Timers/Timer1/hal_timer1.o
 .debug_abbrev  0x000000000000137b      0x246 build/default/production/MCAL_Layer/Timers/Timer2/hal_timer2.o
 .debug_abbrev  0x00000000000015c1      0x20f build/default/production/MCAL_Layer/USART/hal_usart.o
 .debug_abbrev  0x00000000000017d0      0x19e build/default/production/MCAL_Layer/TWI/hal_twi.o

.debug_line     0x0000000000000000     0x304a
 *(.debug_line .debug_line.* .debug_line_end)
 .debug_line    0x0000000000000000      0x116 /Applications/microchip/mplabx/v6.25/packs/Microchip/ATmega_DFP/3.3.279/xc8/avr/lib/avr5/crtatmega32.o
 .debug_line    0x0000000000000116      0x1a9 build/default/production/APP_Layer/Main.o
 .debug_line    0x00000000000002bf       0x83 build/default/production/ECUAL_Layer/ECUAL_INIT.o
 .debug_line    0x0000000000000342      0x3fa build/default/production/MCAL_Layer/ADC/hal_adc.o
 .debug_line    0x000000000000073c      0x3cb build/default/production/MCAL_Layer/GPIO/hal_gpio.o
 .debug_line    0x0000000000000b07      0x3c7 build/default/production/MCAL_Layer/Interrupt/hal_ext_interrupt.o
 .debug_line    0x0000000000000ece      0x224 build/default/production/MCAL_Layer/Interrupt/hal_interrupt_mng.o
 .debug_line    0x00000000000010f2      0x505 build/default/production/MCAL_Layer/SPI/hal_spi.o
 .debug_line    0x00000000000015f7      0x3f5 build/default/production/MCAL_Layer/Timers/Timer0/hal_timer0.o
 .debug_line    0x00000000000019ec      0x5e2 build/default/production/MCAL_Layer/Timers/Timer1/hal_timer1.o
 .debug_line    0x0000000000001fce      0x38c build/default/production/MCAL_Layer/Timers/Timer2/hal_timer2.o
 .debug_line    0x000000000000235a      0x813 build/default/production/MCAL_Layer/USART/hal_usart.o
 .debug_line    0x0000000000002b6d      0x4dd build/default/production/MCAL_Layer/TWI/hal_twi.o

.debug_frame    0x0000000000000000      0xe18
 *(.debug_frame)
 .debug_frame   0x0000000000000000       0x34 build/default/production/APP_Layer/Main.o
 .debug_frame   0x0000000000000034       0x24 build/default/production/ECUAL_Layer/ECUAL_INIT.o
 .debug_frame   0x0000000000000058       0xf0 build/default/production/MCAL_Layer/ADC/hal_adc.o
 .debug_frame   0x0000000000000148       0xec build/default/production/MCAL_Layer/GPIO/hal_gpio.o
 .debug_frame   0x0000000000000234       0x9c build/default/production/MCAL_Layer/Interrupt/hal_ext_interrupt.o
 .debug_frame   0x00000000000002d0      0x594 build/default/production/MCAL_Layer/Interrupt/hal_interrupt_mng.o
 .debug_frame   0x0000000000000864       0xd4 build/default/production/MCAL_Layer/SPI/hal_spi.o
 .debug_frame   0x0000000000000938       0xb0 build/default/production/MCAL_Layer/Timers/Timer0/hal_timer0.o
 .debug_frame   0x00000000000009e8      0x10c build/default/production/MCAL_Layer/Timers/Timer1/hal_timer1.o
 .debug_frame   0x0000000000000af4       0xb0 build/default/production/MCAL_Layer/Timers/Timer2/hal_timer2.o
 .debug_frame   0x0000000000000ba4      0x118 build/default/production/MCAL_Layer/USART/hal_usart.o
 .debug_frame   0x0000000000000cbc      0x15c build/default/production/MCAL_Layer/TWI/hal_twi.o

.debug_str      0x0000000000000000      0x3f4
 *(.debug_str)
 .debug_str     0x0000000000000000      0x196 /Applications/microchip/mplabx/v6.25/packs/Microchip/ATmega_DFP/3.3.279/xc8/avr/lib/avr5/crtatmega32.o
 .debug_str     0x0000000000000196       0x23 build/default/production/APP_Layer/Main.o
 .debug_str     0x00000000000001b9        0x0 build/default/production/ECUAL_Layer/ECUAL_INIT.o
 .debug_str     0x00000000000001b9       0x1d build/default/production/MCAL_Layer/ADC/hal_adc.o
 .debug_str     0x00000000000001d6       0x1c build/default/production/MCAL_Layer/GPIO/hal_gpio.o
 .debug_str     0x00000000000001f2       0x24 build/default/production/MCAL_Layer/Interrupt/hal_ext_interrupt.o
 .debug_str     0x0000000000000216       0x96 build/default/production/MCAL_Layer/Interrupt/hal_interrupt_mng.o
 .debug_str     0x00000000000002ac       0x45 build/default/production/MCAL_Layer/SPI/hal_spi.o
 .debug_str     0x00000000000002f1       0x3c build/default/production/MCAL_Layer/Timers/Timer0/hal_timer0.o
 .debug_str     0x000000000000032d       0x3c build/default/production/MCAL_Layer/Timers/Timer1/hal_timer1.o
 .debug_str     0x0000000000000369       0x2c build/default/production/MCAL_Layer/Timers/Timer2/hal_timer2.o
 .debug_str     0x0000000000000395       0x40 build/default/production/MCAL_Layer/USART/hal_usart.o
 .debug_str     0x00000000000003d5       0x1f build/default/production/MCAL_Layer/TWI/hal_twi.o

.debug_loc      0x0000000000000000     0x34fd
 *(.debug_loc)
 .debug_loc     0x0000000000000000      0x88b build/default/production/MCAL_Layer/ADC/hal_adc.o
 .debug_loc     0x000000000000088b      0x65e build/default/production/MCAL_Layer/GPIO/hal_gpio.o
 .debug_loc     0x0000000000000ee9      0x345 build/default/production/MCAL_Layer/Interrupt/hal_ext_interrupt.o
 .debug_loc     0x000000000000122e      0x6a5 build/default/production/MCAL_Layer/SPI/hal_spi.o
 .debug_loc     0x00000000000018d3      0x3b6 build/default/production/MCAL_Layer/Timers/Timer0/hal_timer0.o
 .debug_loc     0x0000000000001c89      0x580 build/default/production/MCAL_Layer/Timers/Timer1/hal_timer1.o
 .debug_loc     0x0000000000002209      0x366 build/default/production/MCAL_Layer/Timers/Timer2/hal_timer2.o
 .debug_loc     0x000000000000256f      0x823 build/default/production/MCAL_Layer/USART/hal_usart.o
 .debug_loc     0x0000000000002d92      0x76b build/default/production/MCAL_Layer/TWI/hal_twi.o

.debug_macinfo
 *(.debug_macinfo)

.debug_weaknames
 *(.debug_weaknames)

.debug_funcnames
 *(.debug_funcnames)

.debug_typenames
 *(.debug_typenames)

.debug_varnames
 *(.debug_varnames)

.debug_pubtypes
 *(.debug_pubtypes)

.debug_ranges   0x0000000000000000      0x4d0
 *(.debug_ranges)
 .debug_ranges  0x0000000000000000       0x18 build/default/production/APP_Layer/Main.o
 .debug_ranges  0x0000000000000018       0x10 build/default/production/ECUAL_Layer/ECUAL_INIT.o
 .debug_ranges  0x0000000000000028       0x80 build/default/production/MCAL_Layer/ADC/hal_adc.o
 .debug_ranges  0x00000000000000a8       0x68 build/default/production/MCAL_Layer/GPIO/hal_gpio.o
 .debug_ranges  0x0000000000000110       0x58 build/default/production/MCAL_Layer/Interrupt/hal_ext_interrupt.o
 .debug_ranges  0x0000000000000168       0x88 build/default/production/MCAL_Layer/Interrupt/hal_interrupt_mng.o
 .debug_ranges  0x00000000000001f0       0x68 build/default/production/MCAL_Layer/SPI/hal_spi.o
 .debug_ranges  0x0000000000000258       0x78 build/default/production/MCAL_Layer/Timers/Timer0/hal_timer0.o
 .debug_ranges  0x00000000000002d0       0x80 build/default/production/MCAL_Layer/Timers/Timer1/hal_timer1.o
 .debug_ranges  0x0000000000000350       0x60 build/default/production/MCAL_Layer/Timers/Timer2/hal_timer2.o
 .debug_ranges  0x00000000000003b0       0xa8 build/default/production/MCAL_Layer/USART/hal_usart.o
 .debug_ranges  0x0000000000000458       0x78 build/default/production/MCAL_Layer/TWI/hal_twi.o

.debug_macro
 *(.debug_macro)
OUTPUT(dist/default/production/MCU_ATMEGA32_Drivers.X.production.elf elf32-avr)
LOAD linker stubs
LOAD data_init

.note.gnu.avr.deviceinfo
                0x0000000000000000       0x3c
 .note.gnu.avr.deviceinfo
                0x0000000000000000       0x3c /Applications/microchip/mplabx/v6.25/packs/Microchip/ATmega_DFP/3.3.279/xc8/avr/lib/avr5/crtatmega32.o

.bss.ADC_Interrupt_Handler
                0x000000000080008c        0x2
 .bss.ADC_Interrupt_Handler
                0x000000000080008c        0x2 build/default/production/MCAL_Layer/ADC/hal_adc.o

.bss.INT2_Handler
                0x000000000080008e        0x2
 .bss.INT2_Handler
                0x000000000080008e        0x2 build/default/production/MCAL_Layer/Interrupt/hal_ext_interrupt.o

.bss.INT1_Handler
                0x0000000000800090        0x2
 .bss.INT1_Handler
                0x0000000000800090        0x2 build/default/production/MCAL_Layer/Interrupt/hal_ext_interrupt.o

.bss.INT0_Handler
                0x0000000000800092        0x2
 .bss.INT0_Handler
                0x0000000000800092        0x2 build/default/production/MCAL_Layer/Interrupt/hal_ext_interrupt.o

.bss.SPI_Handler_Function
                0x0000000000800094        0x2
 .bss.SPI_Handler_Function
                0x0000000000800094        0x2 build/default/production/MCAL_Layer/SPI/hal_spi.o

.bss.Timer0_Handler_Function
                0x0000000000800096        0x2
 .bss.Timer0_Handler_Function
                0x0000000000800096        0x2 build/default/production/MCAL_Layer/Timers/Timer0/hal_timer0.o

.bss.preloaded_value
                0x00000000008000aa        0x1
 .bss.preloaded_value
                0x00000000008000aa        0x1 build/default/production/MCAL_Layer/Timers/Timer0/hal_timer0.o

.bss.Timer1_Handler_Function
                0x0000000000800098        0x2
 .bss.Timer1_Handler_Function
                0x0000000000800098        0x2 build/default/production/MCAL_Layer/Timers/Timer1/hal_timer1.o

.bss.timer1_preloaded_value
                0x000000000080009a        0x2
 .bss.timer1_preloaded_value
                0x000000000080009a        0x2 build/default/production/MCAL_Layer/Timers/Timer1/hal_timer1.o

.bss.Timer2_Handler_Function
                0x000000000080009c        0x2
 .bss.Timer2_Handler_Function
                0x000000000080009c        0x2 build/default/production/MCAL_Layer/Timers/Timer2/hal_timer2.o

.bss.timer2_preloaded_value
                0x00000000008000ab        0x1
 .bss.timer2_preloaded_value
                0x00000000008000ab        0x1 build/default/production/MCAL_Layer/Timers/Timer2/hal_timer2.o

.bss.Overrun_Handler_Function
                0x000000000080009e        0x2
 .bss.Overrun_Handler_Function
                0x000000000080009e        0x2 build/default/production/MCAL_Layer/USART/hal_usart.o

.bss.Framming_Handler_Function
                0x00000000008000a0        0x2
 .bss.Framming_Handler_Function
                0x00000000008000a0        0x2 build/default/production/MCAL_Layer/USART/hal_usart.o

.bss.Rx_Handler_Function
                0x00000000008000a2        0x2
 .bss.Rx_Handler_Function
                0x00000000008000a2        0x2 build/default/production/MCAL_Layer/USART/hal_usart.o

.bss.TSR_Handler_Function
                0x00000000008000a4        0x2
 .bss.TSR_Handler_Function
                0x00000000008000a4        0x2 build/default/production/MCAL_Layer/USART/hal_usart.o

.bss.Tx_Handler_Function
                0x00000000008000a6        0x2
 .bss.Tx_Handler_Function
                0x00000000008000a6        0x2 build/default/production/MCAL_Layer/USART/hal_usart.o

.bss.TWI_Handler_Function
                0x00000000008000a8        0x2
 .bss.TWI_Handler_Function
                0x00000000008000a8        0x2 build/default/production/MCAL_Layer/TWI/hal_twi.o
                0x00000000008000a8                TWI_Handler_Function

.text.powf      0x00000000000000ba      0xc3e
 .text.powf     0x00000000000000ba      0xc3e /Applications/microchip/xc8/v3.00/avr/bin/../lib/gcc/avr/5.4.0/../../../../avr/lib/avr5/libm.a(powf.o)
                0x00000000000000ba                powf
                0x00000000000000ba                pow
                0x00000000000000ba                powl

.text.sqrtf     0x0000000000000cf8      0x1ac
 .text.sqrtf    0x0000000000000cf8      0x1ac /Applications/microchip/xc8/v3.00/avr/bin/../lib/gcc/avr/5.4.0/../../../../avr/lib/avr5/libm.a(sqrtf.o)
                0x0000000000000cf8                sqrt
                0x0000000000000cf8                sqrtl
                0x0000000000000cf8                sqrtf

.text           0x0000000000000ea4       0xde
 .text          0x0000000000000ea4       0xde /Applications/microchip/xc8/v3.00/avr/bin/../lib/gcc/avr/5.4.0/../../../../avr/lib/avr5/libm.a(divsf3x.o)
                0x0000000000000ea4                __divsf3x
                0x0000000000000ecc                __divsf3_pse

.text           0x0000000000000f82       0xd4
 .text          0x0000000000000f82       0xd4 /Applications/microchip/xc8/v3.00/avr/bin/../lib/gcc/avr/5.4.0/../../../../avr/lib/avr5/libm.a(mulsf3x.o)
                0x0000000000000f82                __mulsf3x
                0x0000000000000fa8                __mulsf3_pse

.text           0x0000000000001056       0xce
 .text          0x0000000000001056       0xce /Applications/microchip/xc8/v3.00/avr/bin/../lib/gcc/avr/5.4.0/../../../../avr/lib/avr5/libm.a(addsf3x.o)
                0x0000000000001056                __addsf3x

.text.scalbnf   0x0000000000001124       0xb2
 .text.scalbnf  0x0000000000001124       0xb2 /Applications/microchip/xc8/v3.00/avr/bin/../lib/gcc/avr/5.4.0/../../../../avr/lib/avr5/libm.a(scalbnf.o)
                0x0000000000001124                scalbnf

.text.TWI_Set_Mode_Configuration
                0x00000000000011d6       0xa8
 .text.TWI_Set_Mode_Configuration
                0x00000000000011d6       0xa8 build/default/production/MCAL_Layer/TWI/hal_twi.o
                0x00000000000011d6                TWI_Set_Mode_Configuration

.text.GPIO_Pin_Direction_INIT
                0x000000000000127e       0x8e
 .text.GPIO_Pin_Direction_INIT
                0x000000000000127e       0x8e build/default/production/MCAL_Layer/GPIO/hal_gpio.o
                0x000000000000127e                GPIO_Pin_Direction_INIT

.text           0x000000000000130c       0x7a
 .text          0x000000000000130c       0x7a /Applications/microchip/xc8/v3.00/avr/bin/../lib/gcc/avr/5.4.0/../../../../avr/lib/avr5/libm.a(floatsisf.o)
                0x000000000000130c                __floatunsisf
                0x0000000000001310                __floatsisf

.text           0x0000000000001386       0x5e
 .text          0x0000000000001386       0x5e /Applications/microchip/xc8/v3.00/avr/bin/../lib/gcc/avr/5.4.0/../../../../avr/lib/avr5/libm.a(fixunssfsi.o)
                0x0000000000001386                __fixunssfsi

.text.TWI_Write_Byte_Blocking
                0x00000000000013e4       0x4e
 .text.TWI_Write_Byte_Blocking
                0x00000000000013e4       0x4e build/default/production/MCAL_Layer/TWI/hal_twi.o
                0x00000000000013e4                TWI_Write_Byte_Blocking

.text.__vector_1
                0x0000000000001432       0x48
 .text.__vector_1
                0x0000000000001432       0x48 build/default/production/MCAL_Layer/Interrupt/hal_interrupt_mng.o
                0x0000000000001432                __vector_1

.text.__vector_2
                0x000000000000147a       0x48
 .text.__vector_2
                0x000000000000147a       0x48 build/default/production/MCAL_Layer/Interrupt/hal_interrupt_mng.o
                0x000000000000147a                __vector_2

.text.__vector_3
                0x00000000000014c2       0x48
 .text.__vector_3
                0x00000000000014c2       0x48 build/default/production/MCAL_Layer/Interrupt/hal_interrupt_mng.o
                0x00000000000014c2                __vector_3

.text.__vector_16
                0x000000000000150a       0x48
 .text.__vector_16
                0x000000000000150a       0x48 build/default/production/MCAL_Layer/Interrupt/hal_interrupt_mng.o
                0x000000000000150a                __vector_16

.text.__vector_11
                0x0000000000001552       0x48
 .text.__vector_11
                0x0000000000001552       0x48 build/default/production/MCAL_Layer/Interrupt/hal_interrupt_mng.o
                0x0000000000001552                __vector_11

.text.__vector_10
                0x000000000000159a       0x48
 .text.__vector_10
                0x000000000000159a       0x48 build/default/production/MCAL_Layer/Interrupt/hal_interrupt_mng.o
                0x000000000000159a                __vector_10

.text.__vector_9
                0x00000000000015e2       0x48
 .text.__vector_9
                0x00000000000015e2       0x48 build/default/production/MCAL_Layer/Interrupt/hal_interrupt_mng.o
                0x00000000000015e2                __vector_9

.text.__vector_7
                0x000000000000162a       0x48
 .text.__vector_7
                0x000000000000162a       0x48 build/default/production/MCAL_Layer/Interrupt/hal_interrupt_mng.o
                0x000000000000162a                __vector_7

.text.__vector_8
                0x0000000000001672       0x48
 .text.__vector_8
                0x0000000000001672       0x48 build/default/production/MCAL_Layer/Interrupt/hal_interrupt_mng.o
                0x0000000000001672                __vector_8

.text.__vector_6
                0x00000000000016ba       0x48
 .text.__vector_6
                0x00000000000016ba       0x48 build/default/production/MCAL_Layer/Interrupt/hal_interrupt_mng.o
                0x00000000000016ba                __vector_6

.text.__vector_5
                0x0000000000001702       0x48
 .text.__vector_5
                0x0000000000001702       0x48 build/default/production/MCAL_Layer/Interrupt/hal_interrupt_mng.o
                0x0000000000001702                __vector_5

.text.__vector_4
                0x000000000000174a       0x48
 .text.__vector_4
                0x000000000000174a       0x48 build/default/production/MCAL_Layer/Interrupt/hal_interrupt_mng.o
                0x000000000000174a                __vector_4

.text.__vector_15
                0x0000000000001792       0x48
 .text.__vector_15
                0x0000000000001792       0x48 build/default/production/MCAL_Layer/Interrupt/hal_interrupt_mng.o
                0x0000000000001792                __vector_15

.text.__vector_14
                0x00000000000017da       0x48
 .text.__vector_14
                0x00000000000017da       0x48 build/default/production/MCAL_Layer/Interrupt/hal_interrupt_mng.o
                0x00000000000017da                __vector_14

.text.__vector_13
                0x0000000000001822       0x48
 .text.__vector_13
                0x0000000000001822       0x48 build/default/production/MCAL_Layer/Interrupt/hal_interrupt_mng.o
                0x0000000000001822                __vector_13

.text.__vector_12
                0x000000000000186a       0x48
 .text.__vector_12
                0x000000000000186a       0x48 build/default/production/MCAL_Layer/Interrupt/hal_interrupt_mng.o
                0x000000000000186a                __vector_12

.text           0x00000000000018b2       0x48
 .text          0x00000000000018b2       0x48 /Applications/microchip/xc8/v3.00/avr/bin/../lib/gcc/avr/5.4.0/../../../../avr/lib/avr5/libm.a(fp_cmp.o)
                0x00000000000018b2                __fp_cmp

.text           0x00000000000018fa       0x44
 .text          0x00000000000018fa       0x44 /Applications/microchip/xc8/v3.00/avr/bin/../lib/gcc/avr/5.4.0/../../../../avr/lib/avr5/libm.a(fp_split3.o)
                0x00000000000018fa                __fp_split3
                0x000000000000190a                __fp_splitA

.text.libgcc.div
                0x000000000000193e       0x44
 .text.libgcc.div
                0x000000000000193e       0x44 /Applications/microchip/xc8/v3.00/avr/bin/../lib/gcc/avr/5.4.0/avr5/libgcc.a(_udivmodsi4.o)
                0x000000000000193e                __udivmodsi4

.text.TWI_Send_Frame
                0x0000000000001982       0x3a
 .text.TWI_Send_Frame
                0x0000000000001982       0x3a build/default/production/MCAL_Layer/TWI/hal_twi.o
                0x0000000000001982                TWI_Send_Frame

.text.libgcc.prologue
                0x00000000000019bc       0x38
 .text.libgcc.prologue
                0x00000000000019bc       0x38 /Applications/microchip/xc8/v3.00/avr/bin/../lib/gcc/avr/5.4.0/avr5/libgcc.a(_prologue.o)
                0x00000000000019bc                __prologue_saves__

.text.TWI_Pins_Init
                0x00000000000019f4       0x36
 .text.TWI_Pins_Init
                0x00000000000019f4       0x36 build/default/production/MCAL_Layer/TWI/hal_twi.o
                0x00000000000019f4                TWI_Pins_Init

.text.libgcc.prologue
                0x0000000000001a2a       0x36
 .text.libgcc.prologue
                0x0000000000001a2a       0x36 /Applications/microchip/xc8/v3.00/avr/bin/../lib/gcc/avr/5.4.0/avr5/libgcc.a(_epilogue.o)
                0x0000000000001a2a                __epilogue_restores__

.text.TWI_INIT  0x0000000000001a60       0x30
 .text.TWI_INIT
                0x0000000000001a60       0x30 build/default/production/MCAL_Layer/TWI/hal_twi.o
                0x0000000000001a60                TWI_INIT

.text.USART_RX_ISR
                0x0000000000001a90       0x2c
 .text.USART_RX_ISR
                0x0000000000001a90       0x2c build/default/production/MCAL_Layer/USART/hal_usart.o
                0x0000000000001a90                USART_RX_ISR

.text.TWI_Master_Send_Start_Condition
                0x0000000000001abc       0x28
 .text.TWI_Master_Send_Start_Condition
                0x0000000000001abc       0x28 build/default/production/MCAL_Layer/TWI/hal_twi.o
                0x0000000000001abc                TWI_Master_Send_Start_Condition

.text.TWI_Configure_Interrupt
                0x0000000000001ae4       0x28
 .text.TWI_Configure_Interrupt
                0x0000000000001ae4       0x28 build/default/production/MCAL_Layer/TWI/hal_twi.o
                0x0000000000001ae4                TWI_Configure_Interrupt

.text.main      0x0000000000001b0c       0x24
 .text.main     0x0000000000001b0c       0x24 build/default/production/APP_Layer/Main.o
                0x0000000000001b0c                main

.text.TMR1_ISR  0x0000000000001b30       0x22
 .text.TMR1_ISR
                0x0000000000001b30       0x22 build/default/production/MCAL_Layer/Timers/Timer1/hal_timer1.o
                0x0000000000001b30                TMR1_ISR

.text           0x0000000000001b52       0x22
 .text          0x0000000000001b52       0x22 /Applications/microchip/xc8/v3.00/avr/bin/../lib/gcc/avr/5.4.0/../../../../avr/lib/avr5/libm.a(fp_round.o)
                0x0000000000001b52                __fp_round

.text.TMR0_ISR  0x0000000000001b74       0x1c
 .text.TMR0_ISR
                0x0000000000001b74       0x1c build/default/production/MCAL_Layer/Timers/Timer0/hal_timer0.o
                0x0000000000001b74                TMR0_ISR

.text.TMR2_ISR  0x0000000000001b90       0x1c
 .text.TMR2_ISR
                0x0000000000001b90       0x1c build/default/production/MCAL_Layer/Timers/Timer2/hal_timer2.o
                0x0000000000001b90                TMR2_ISR

.text.TWI_Master_Send_Stop_Condition
                0x0000000000001bac       0x18
 .text.TWI_Master_Send_Stop_Condition
                0x0000000000001bac       0x18 build/default/production/MCAL_Layer/TWI/hal_twi.o
                0x0000000000001bac                TWI_Master_Send_Stop_Condition

.text.INT0_ISR  0x0000000000001bc4       0x16
 .text.INT0_ISR
                0x0000000000001bc4       0x16 build/default/production/MCAL_Layer/Interrupt/hal_ext_interrupt.o
                0x0000000000001bc4                INT0_ISR

.text.INT1_ISR  0x0000000000001bda       0x16
 .text.INT1_ISR
                0x0000000000001bda       0x16 build/default/production/MCAL_Layer/Interrupt/hal_ext_interrupt.o
                0x0000000000001bda                INT1_ISR

.text.INT2_ISR  0x0000000000001bf0       0x16
 .text.INT2_ISR
                0x0000000000001bf0       0x16 build/default/production/MCAL_Layer/Interrupt/hal_ext_interrupt.o
                0x0000000000001bf0                INT2_ISR

.text.CTC0_ISR  0x0000000000001c06       0x16
 .text.CTC0_ISR
                0x0000000000001c06       0x16 build/default/production/MCAL_Layer/Timers/Timer0/hal_timer0.o
                0x0000000000001c06                CTC0_ISR

.text.CTC_OCRA_ISR
                0x0000000000001c1c       0x16
 .text.CTC_OCRA_ISR
                0x0000000000001c1c       0x16 build/default/production/MCAL_Layer/Timers/Timer1/hal_timer1.o
                0x0000000000001c1c                CTC_OCRA_ISR

.text.CTC_OCRB_ISR
                0x0000000000001c32       0x16
 .text.CTC_OCRB_ISR
                0x0000000000001c32       0x16 build/default/production/MCAL_Layer/Timers/Timer1/hal_timer1.o
                0x0000000000001c32                CTC_OCRB_ISR

.text.CTC_ICR_ISR
                0x0000000000001c48       0x16
 .text.CTC_ICR_ISR
                0x0000000000001c48       0x16 build/default/production/MCAL_Layer/Timers/Timer1/hal_timer1.o
                0x0000000000001c48                CTC_ICR_ISR

.text.CTC2_ISR  0x0000000000001c5e       0x16
 .text.CTC2_ISR
                0x0000000000001c5e       0x16 build/default/production/MCAL_Layer/Timers/Timer2/hal_timer2.o
                0x0000000000001c5e                CTC2_ISR

.text.exit      0x0000000000001c74       0x16
 .text.exit     0x0000000000001c74       0x16 /Applications/microchip/xc8/v3.00/avr/bin/../lib/gcc/avr/5.4.0/../../../../avr/lib/avr5/libc.a(exit.o)
                0x0000000000001c74                exit

.text.ADC_ISR   0x0000000000001c8a       0x12
 .text.ADC_ISR  0x0000000000001c8a       0x12 build/default/production/MCAL_Layer/ADC/hal_adc.o
                0x0000000000001c8a                ADC_ISR

.text.SPI_ISR   0x0000000000001c9c       0x12
 .text.SPI_ISR  0x0000000000001c9c       0x12 build/default/production/MCAL_Layer/SPI/hal_spi.o
                0x0000000000001c9c                SPI_ISR

.text.USART_TX_ISR
                0x0000000000001cae       0x12
 .text.USART_TX_ISR
                0x0000000000001cae       0x12 build/default/production/MCAL_Layer/USART/hal_usart.o
                0x0000000000001cae                USART_TX_ISR

.text.TWI_Set_Disable
                0x0000000000001cc0       0x12
 .text.TWI_Set_Disable
                0x0000000000001cc0       0x12 build/default/production/MCAL_Layer/TWI/hal_twi.o
                0x0000000000001cc0                TWI_Set_Disable

.text.TWI_Set_Enable
                0x0000000000001cd2       0x12
 .text.TWI_Set_Enable
                0x0000000000001cd2       0x12 build/default/production/MCAL_Layer/TWI/hal_twi.o
                0x0000000000001cd2                TWI_Set_Enable

.text.USART_TSR_ISR
                0x0000000000001ce4       0x10
 .text.USART_TSR_ISR
                0x0000000000001ce4       0x10 build/default/production/MCAL_Layer/USART/hal_usart.o
                0x0000000000001ce4                USART_TSR_ISR

.text.Application_Init
                0x0000000000001cf4        0xe
 .text.Application_Init
                0x0000000000001cf4        0xe build/default/production/APP_Layer/Main.o
                0x0000000000001cf4                Application_Init

.text           0x0000000000001d02        0xe
 .text          0x0000000000001d02        0xe /Applications/microchip/xc8/v3.00/avr/bin/../lib/gcc/avr/5.4.0/../../../../avr/lib/avr5/libm.a(addsf3.o)
                0x0000000000001d02                __subsf3
                0x0000000000001d04                __addsf3

.text           0x0000000000001d10        0xe
 .text          0x0000000000001d10        0xe /Applications/microchip/xc8/v3.00/avr/bin/../lib/gcc/avr/5.4.0/../../../../avr/lib/avr5/libm.a(fp_pscA.o)
                0x0000000000001d10                __fp_pscA

.text           0x0000000000001d1e        0xe
 .text          0x0000000000001d1e        0xe /Applications/microchip/xc8/v3.00/avr/bin/../lib/gcc/avr/5.4.0/../../../../avr/lib/avr5/libm.a(fp_pscB.o)
                0x0000000000001d1e                __fp_pscB

.text           0x0000000000001d2c        0xe
 .text          0x0000000000001d2c        0xe /Applications/microchip/xc8/v3.00/avr/bin/../lib/gcc/avr/5.4.0/../../../../avr/lib/avr5/libm.a(fp_zero.o)
                0x0000000000001d2c                __fp_zero
                0x0000000000001d2e                __fp_szero

.text           0x0000000000001d3a        0xc
 .text          0x0000000000001d3a        0xc /Applications/microchip/xc8/v3.00/avr/bin/../lib/gcc/avr/5.4.0/../../../../avr/lib/avr5/libm.a(fp_inf.o)
                0x0000000000001d3a                __fp_inf

.text           0x0000000000001d46        0xa
 .text          0x0000000000001d46        0xa /Applications/microchip/xc8/v3.00/avr/bin/../lib/gcc/avr/5.4.0/../../../../avr/lib/avr5/libm.a(cmpsf2.o)
                0x0000000000001d46                __lesf2
                0x0000000000001d46                __nesf2
                0x0000000000001d46                __eqsf2
                0x0000000000001d46                __cmpsf2
                0x0000000000001d46                __ltsf2

.text           0x0000000000001d50        0xa
 .text          0x0000000000001d50        0xa /Applications/microchip/xc8/v3.00/avr/bin/../lib/gcc/avr/5.4.0/../../../../avr/lib/avr5/libm.a(gesf2.o)
                0x0000000000001d50                __gtsf2
                0x0000000000001d50                __gesf2

.text           0x0000000000001d5a        0x8
 .text          0x0000000000001d5a        0x8 /Applications/microchip/xc8/v3.00/avr/bin/../lib/gcc/avr/5.4.0/../../../../avr/lib/avr5/libm.a(divsf3.o)
                0x0000000000001d5a                __divsf3

.text           0x0000000000001d62        0x8
 .text          0x0000000000001d62        0x8 /Applications/microchip/xc8/v3.00/avr/bin/../lib/gcc/avr/5.4.0/../../../../avr/lib/avr5/libm.a(mulsf3.o)
                0x0000000000001d62                __mulsf3

.text           0x0000000000001d6a        0x6
 .text          0x0000000000001d6a        0x6 /Applications/microchip/xc8/v3.00/avr/bin/../lib/gcc/avr/5.4.0/../../../../avr/lib/avr5/libm.a(fp_nan.o)
                0x0000000000001d6a                __fp_nan

.text           0x0000000000001d70        0x4
 .text          0x0000000000001d70        0x4 /Applications/microchip/mplabx/v6.25/packs/Microchip/ATmega_DFP/3.3.279/xc8/avr/lib/avr5/crtatmega32.o
                0x0000000000001d70                __bad_interrupt
                0x0000000000001d70                __vector_17
                0x0000000000001d70                __vector_19
                0x0000000000001d70                __vector_18
                0x0000000000001d70                __vector_20

.text.fabsf     0x0000000000001d74        0x4
 .text.fabsf    0x0000000000001d74        0x4 /Applications/microchip/xc8/v3.00/avr/bin/../lib/gcc/avr/5.4.0/../../../../avr/lib/avr5/libm.a(fabsf.o)
                0x0000000000001d74                fabsf

.text._Exit     0x0000000000001d78        0x4
 .text._Exit    0x0000000000001d78        0x4 /Applications/microchip/xc8/v3.00/avr/bin/../lib/gcc/avr/5.4.0/../../../../avr/lib/avr5/libc.a(_Exit.o)
                0x0000000000001d78                _Exit

.text.Ecual_Init
                0x0000000000001d7c        0x2
 .text.Ecual_Init
                0x0000000000001d7c        0x2 build/default/production/ECUAL_Layer/ECUAL_INIT.o
                0x0000000000001d7c                Ecual_Init

.text.__dummy_fini
                0x0000000000001d7e        0x2
 .text.__dummy_fini
                0x0000000000001d7e        0x2 /Applications/microchip/xc8/v3.00/avr/bin/../lib/gcc/avr/5.4.0/../../../../avr/lib/avr5/libc.a(exit.o)
                0x0000000000001d7e                _fini

.text.__dummy_funcs_on_exit
                0x0000000000001d80        0x2
 .text.__dummy_funcs_on_exit
                0x0000000000001d80        0x2 /Applications/microchip/xc8/v3.00/avr/bin/../lib/gcc/avr/5.4.0/../../../../avr/lib/avr5/libc.a(exit.o)
                0x0000000000001d80                __funcs_on_exit

.text.__dummy_simulator_exit
                0x0000000000001d82        0x2
 .text.__dummy_simulator_exit
                0x0000000000001d82        0x2 /Applications/microchip/xc8/v3.00/avr/bin/../lib/gcc/avr/5.4.0/../../../../avr/lib/avr5/libc.a(exit.o)
                0x0000000000001d82                __simulator_exit

.data.twi1      0x0000000000800062        0xa load address 0x0000000000001d84
 .data.twi1     0x0000000000800062        0xa build/default/production/APP_Layer/Main.o
                0x0000000000800062                twi1

.data.DDR_REGs  0x000000000080006c        0x8 load address 0x0000000000001d8e
 .data.DDR_REGs
                0x000000000080006c        0x8 build/default/production/MCAL_Layer/GPIO/hal_gpio.o
                0x000000000080006c                DDR_REGs

.rodata.dp_l    0x0000000000800074        0x8 load address 0x0000000000001d96
 .rodata.dp_l   0x0000000000800074        0x8 /Applications/microchip/xc8/v3.00/avr/bin/../lib/gcc/avr/5.4.0/../../../../avr/lib/avr5/libm.a(powf.o)

.rodata.dp_h    0x000000000080007c        0x8 load address 0x0000000000001d9e
 .rodata.dp_h   0x000000000080007c        0x8 /Applications/microchip/xc8/v3.00/avr/bin/../lib/gcc/avr/5.4.0/../../../../avr/lib/avr5/libm.a(powf.o)

.rodata.bp      0x0000000000800084        0x8 load address 0x0000000000001da6
 .rodata.bp     0x0000000000800084        0x8 /Applications/microchip/xc8/v3.00/avr/bin/../lib/gcc/avr/5.4.0/../../../../avr/lib/avr5/libm.a(powf.o)
